<DocumentFragment>
  <div>
    <div
      class="flex justify-between"
    >
      <h2
        class="font-(family-name:--title-fonts) font-bold text-2xl"
      >
        How to Play
      </h2>
      <button
        class="w-4 cursor-pointer -mt-4"
        type="button"
      >
        <svg
          aria-hidden="true"
          class="svg-inline--fa fa-xmark"
          data-icon="xmark"
          data-prefix="fas"
          role="img"
          style="color: rgb(255, 255, 255);"
          viewBox="0 0 384 512"
        >
          <path
            d="M55.1 73.4c-12.5-12.5-32.8-12.5-45.3 0s-12.5 32.8 0 45.3L147.2 256 9.9 393.4c-12.5 12.5-12.5 32.8 0 45.3s32.8 12.5 45.3 0L192.5 301.3 329.9 438.6c12.5 12.5 32.8 12.5 45.3 0s12.5-32.8 0-45.3L237.8 256 375.1 118.6c12.5-12.5 12.5-32.8 0-45.3s-32.8-12.5-45.3 0L192.5 210.7 55.1 73.4z"
            fill="currentColor"
          />
        </svg>
      </button>
    </div>
    <p
      class="font-(family-name:--title-fonts) mb-2"
    >
      Connect the start and end words using similar words.
    </p>
    <ul
      class="font-(family-name:--standard-fonts) pl-2"
    >
      <li>
        • Change 
        <span
          class="font-extrabold"
        >
          exactly one
        </span>
         letter between each guess,
        <br />
        indicated by the 
        <span
          class="text-pink-bright"
        >
          pink
        </span>
         tiles.
      </li>
      <li>
        • Each guess must be a valid 5-letter word.
      </li>
      <li
        class="sm:hidden"
      >
        • Guesses can be selected by pressing on them or using Enter/Backspace on the keyboard.
      </li>
      <li
        class="hidden sm:list-item"
      >
        • Guesses can be selected using the mouse, the arrow keys or Enter/Backspace.
      </li>
      <li>
        • Use the + and - buttons at the top of the page to add and remove guesses.
      </li>
      <li>
        • Press Enter on the final guess to submit.
      </li>
      <li>
        • Don't worry, you can keep trying if the submission isn't valid!
      </li>
    </ul>
  </div>
</DocumentFragment>