// Vitest Snapshot v1, https://vitest.dev/guide/snapshot.html

exports[`Popup > should render when shown 1`] = `
<DocumentFragment>
  <div
    class="font-(family-name:--standard-fonts) fixed top-14 left-1/2 bg-white text-black text-sm rounded-sm px-4 py-4 -translate-x-1/2 animate-fade-out"
  >
    test
  </div>
</DocumentFragment>
`;
