<DocumentFragment>
  <div>
    <div
      class="flex justify-between sm:min-w-lg"
    >
      <h2
        class="font-(family-name:--title-fonts) font-bold text-2xl"
      >
        Select a difficulty
      </h2>
      <button
        class="w-4 cursor-pointer -mt-4"
        type="button"
      >
        <svg
          aria-hidden="true"
          class="svg-inline--fa fa-xmark"
          data-icon="xmark"
          data-prefix="fas"
          role="img"
          style="color: rgb(255, 255, 255);"
          viewBox="0 0 384 512"
        >
          <path
            d="M55.1 73.4c-12.5-12.5-32.8-12.5-45.3 0s-12.5 32.8 0 45.3L147.2 256 9.9 393.4c-12.5 12.5-12.5 32.8 0 45.3s32.8 12.5 45.3 0L192.5 301.3 329.9 438.6c12.5 12.5 32.8 12.5 45.3 0s12.5-32.8 0-45.3L237.8 256 375.1 118.6c12.5-12.5 12.5-32.8 0-45.3s-32.8-12.5-45.3 0L192.5 210.7 55.1 73.4z"
            fill="currentColor"
          />
        </svg>
      </button>
    </div>
    <p
      class="font-(family-name:--title-fonts) mb-2"
    >
      Easy has a "par" of 4 words, Medium 5, and Hard 6.
    </p>
    <div
      class="flex flex-col justify-between items-center text-xl gap-y-4 font-bold my-8"
    >
      <button
        class="border-2 border-white w-48 cursor-pointer py-2 hover:bg-grey-mid active:bg-grey-mid rounded-3xl"
        type="button"
      >
        Easy
      </button>
      <button
        class="border-2 border-white w-48 cursor-pointer py-2 hover:bg-grey-mid active:bg-grey-mid rounded-3xl"
        type="button"
      >
        Medium
      </button>
      <button
        class="border-2 border-white w-48 cursor-pointer py-2 hover:bg-grey-mid active:bg-grey-mid rounded-3xl"
        type="button"
      >
        Hard
      </button>
    </div>
  </div>
</DocumentFragment>